[Licensing::Module] Trying to connect to existing licensing client channel...
Built from '6000.3/staging' branch; Version is '6000.3.9f1 (7a9955a4f2fa) revision 8034645'; Using compiler version '194234433'; Build Type 'Release'
OS: 'Windows 11  (10.0.26200) Core' Language: 'en' Physical Memory: 32426 MB
[Licensing::IpcConnector] Successfully connected to: "LicenseClient-Omola" at "2026-05-13T01:24:27.7414119Z"
BatchMode: 1, IsHumanControllingUs: 0, StartBugReporterOnCrash: 0, Is64bit: 1
System  architecture: x64
Process architecture: x64
Date: 2026-05-13T01:24:27Z

COMMAND LINE ARGUMENTS:
C:\Program Files\Unity\Hub\Editor\6000.3.9f1\Editor\Unity.exe
-adb2
-batchMode
-noUpm
-name
AssetImportWorker8
-projectPath
C:/Users/Omola/Documents/GitHub/PROJECTFISH
-logFile
Logs/AssetImportWorker8.log
-srvPort
64332
-licensingIpc
LicenseClient-Omola
-job-worker-count
7
-background-job-worker-count
8
-gc-helper-count
1
-name
AssetImport
Successfully changed project path to: C:/Users/Omola/Documents/GitHub/PROJECTFISH
C:/Users/Omola/Documents/GitHub/PROJECTFISH
[UnityMemory] Configuration Parameters - Can be set up in boot.config
    "memorysetup-temp-allocator-size-nav-mesh-worker=65536"
    "memorysetup-temp-allocator-size-audio-worker=65536"
    "memorysetup-temp-allocator-size-gfx=262144"
    "memorysetup-allocator-temp-initial-block-size-main=262144"
    "memorysetup-allocator-temp-initial-block-size-worker=262144"
    "memorysetup-temp-allocator-size-background-worker=32768"
    "memorysetup-temp-allocator-size-job-worker=262144"
    "memorysetup-temp-allocator-size-preload-manager=33554432"
    "memorysetup-temp-allocator-size-gi-baking-worker=262144"
    "memorysetup-temp-allocator-size-gi-baking-worker=262144"
    "memorysetup-temp-allocator-size-gi-baking-worker=262144"
    "memorysetup-temp-allocator-size-gi-baking-worker=262144"
    "memorysetup-temp-allocator-size-gi-baking-worker=262144"
    "memorysetup-bucket-allocator-granularity=16"
    "memorysetup-bucket-allocator-bucket-count=8"
    "memorysetup-bucket-allocator-block-size=33554432"
    "memorysetup-bucket-allocator-block-count=8"
    "memorysetup-main-allocator-block-size=16777216"
    "memorysetup-thread-allocator-block-size=16777216"
    "memorysetup-gfx-main-allocator-block-size=16777216"
    "memorysetup-gfx-thread-allocator-block-size=16777216"
    "memorysetup-cache-allocator-block-size=4194304"
    "memorysetup-typetree-allocator-block-size=2097152"
    "memorysetup-profiler-bucket-allocator-granularity=16"
    "memorysetup-profiler-bucket-allocator-bucket-count=8"
    "memorysetup-profiler-bucket-allocator-block-size=33554432"
    "memorysetup-profiler-bucket-allocator-block-count=8"
    "memorysetup-profiler-allocator-block-size=16777216"
    "memorysetup-profiler-editor-allocator-block-size=1048576"
    "memorysetup-temp-allocator-size-main=16777216"
    "memorysetup-job-temp-allocator-block-size=2097152"
    "memorysetup-job-temp-allocator-block-size-background=1048576"
    "memorysetup-job-temp-allocator-reduction-small-platforms=262144"
    "memorysetup-temp-allocator-size-cloud-worker=32768"
Player connection [34168]  Target information:

Player connection [34168]  * "[IP] 10.5.0.2 [Port] 0 [Flags] 2 [Guid] 481562431 [EditorId] 481562431 [Version] 1048832 [Id] WindowsEditor(7,LINK) [Debug] 1 [PackageName] WindowsEditor [ProjectName] Editor" 

Player connection [34168]  * "[IP] 172.20.10.14 [Port] 0 [Flags] 2 [Guid] 481562431 [EditorId] 481562431 [Version] 1048832 [Id] WindowsEditor(7,LINK) [Debug] 1 [PackageName] WindowsEditor [ProjectName] Editor" 

Player connection [34168] Host joined multi-casting on [225.0.0.222:54997]...
Player connection [34168] Host joined alternative multi-casting on [225.0.0.222:34997]...
JobSystem: Creating JobQueue using job-worker-count value 7
Input System module state changed to: Initialized.
[Physics::Module] Initialized fallback backend.
[Physics::Module] Id: 0xdecafbad
Library Redirect Path: Library/
[Physics::Module] Selected backend.
[Physics::Module] Name: PhysX
[Physics::Module] Id: 0xf2b8ea05
[Physics::Module] SDK Version: 4.1.2
[Physics::Module] Integration Version: 1.0.0
[Physics::Module] Threading Mode: Multi-Threaded
Refreshing native plugins compatible for Editor in 4.41 ms, found 3 plugins.
Preloading 0 native plugins for Editor in 0.00 ms.
Initialize engine version: 6000.3.9f1 (7a9955a4f2fa)
[Subsystems] Discovering subsystems at path C:/Program Files/Unity/Hub/Editor/6000.3.9f1/Editor/Data/Resources/UnitySubsystems
[Subsystems] Discovering subsystems at path C:/Users/Omola/Documents/GitHub/PROJECTFISH/Assets
GfxDevice: creating device client; kGfxThreadingModeNonThreaded
Direct3D:
    Version:  Direct3D 11.0 [level 11.1]
    Renderer: NVIDIA GeForce RTX 5060 Ti (ID=0x2d04)
    Vendor:   NVIDIA
    VRAM:     15962 MB
    Driver:   32.0.15.8195
Initialize mono
Mono path[0] = 'C:/Program Files/Unity/Hub/Editor/6000.3.9f1/Editor/Data/Managed'
Mono path[1] = 'C:/Program Files/Unity/Hub/Editor/6000.3.9f1/Editor/Data/MonoBleedingEdge/lib/mono/unityjit-win32'
Mono config path = 'C:/Program Files/Unity/Hub/Editor/6000.3.9f1/Editor/Data/MonoBleedingEdge/etc'
Using monoOptions --debugger-agent=transport=dt_socket,embedding=1,server=y,suspend=n,address=127.0.0.1:56408
Begin MonoManager ReloadAssembly
Registering precompiled unity dll's ...
Register platform support module: C:/Program Files/Unity/Hub/Editor/6000.3.9f1/Editor/Data/PlaybackEngines/MacStandaloneSupport/UnityEditor.OSXStandalone.Extensions.dll
Register platform support module: C:/Program Files/Unity/Hub/Editor/6000.3.9f1/Editor/Data/PlaybackEngines/WindowsStandaloneSupport/UnityEditor.WindowsStandalone.Extensions.dll
Registered in 0.004782 seconds.
- Loaded All Assemblies, in  0.465 seconds
Native extension for WindowsStandalone target not found
Native extension for OSXStandalone target not found
ScheduleIndexationOnStartup MainProcess:False IndexOnStartup:True
Mono: successfully reloaded assembly
- Finished resetting the current domain, in  0.348 seconds
Domain Reload Profiling: 798ms
	BeginReloadAssembly (176ms)
		ExecutionOrderSort (0ms)
		DisableScriptedObjects (0ms)
		BackupInstance (0ms)
		ReleaseScriptingObjects (0ms)
		CreateAndSetChildDomain (1ms)
	RebuildCommonClasses (35ms)
	RebuildNativeTypeToScriptingClass (10ms)
	initialDomainReloadingComplete (76ms)
	LoadAllAssembliesAndSetupDomain (152ms)
		LoadAssemblies (161ms)
		RebuildTransferFunctionScriptingTraits (0ms)
		AnalyzeDomain (148ms)
			TypeCache.Refresh (147ms)
				TypeCache.ScanAssembly (131ms)
			BuildScriptInfoCaches (0ms)
			ResolveRequiredComponents (0ms)
	FinalizeReload (348ms)
		ReleaseScriptCaches (0ms)
		RebuildScriptCaches (0ms)
		SetupLoadedEditorAssemblies (312ms)
			LogAssemblyErrors (0ms)
			InitializePlatformSupportModulesInManaged (52ms)
			SetLoadedEditorAssemblies (3ms)
			BeforeProcessingInitializeOnLoad (70ms)
			ProcessInitializeOnLoadAttributes (129ms)
			ProcessInitializeOnLoadMethodAttributes (58ms)
			AfterProcessingInitializeOnLoad (0ms)
			EditorAssembliesLoaded (0ms)
		ExecutionOrderSort2 (0ms)
		AwakeInstancesAfterBackupRestoration (0ms)
Assembly reference Packages/com.unity.cinemachine/Editor/Samples/ExposeHDRPInternals/HDRP-Editor-ref.asmref has no target assembly definition
========================================================================
Worker process is ready to serve import requests
Import Worker Mode flag is 0x00
Assembly reference Packages/com.unity.cinemachine/Editor/Samples/ExposeHDRPInternals/HDRP-Editor-ref.asmref has no target assembly definition
[Licensing::Client] Handshaking with LicensingClient:
  Version:                 1.17.4+4293ba1
  Session Id:              a28be0829c324c40aebf3e5c4ffd1aa9
  Correlation Id:          4144148266400a7e727affa603d21bd5
  External correlation Id: 7339773607736083792
  Machine Id:              Vt39me9IhWDxxx0Srn0x/ASpSWo=
[Licensing::Module] Successfully connected to LicensingClient on channel: "LicenseClient-Omola" (connect: 0.00s, validation: 0.00s, handshake: 1.68s)
[Licensing::IpcConnector] Successfully connected to: "LicenseClient-Omola-notifications" at "2026-05-13T01:24:29.427624Z"
[Licensing::Module] Licensing Background thread has ended after 1.69s
Assembly reference Packages/com.unity.cinemachine/Editor/Samples/ExposeHDRPInternals/HDRP-Editor-ref.asmref has no target assembly definition
Begin MonoManager ReloadAssembly
[Licensing::Client] Successfully resolved entitlement details
[Licensing::Module] License group:
  Id: 2475878297269-UnityPersXXXX
  Product: Unity Personal
  Type: Assigned
  Expiration: Unlimited
- Loaded All Assemblies, in  0.846 seconds
Assembly reference Packages/com.unity.cinemachine/Editor/Samples/ExposeHDRPInternals/HDRP-Editor-ref.asmref has no target assembly definition
'Packages/com.unity.cinemachine/Editor/Obsolete/CinemachineVirtualCameraBaseEditor.cs' contains partial class of Unity.Object, exactly 1 of the partial classes needs to be in a file with the same filename. This is to know the one that can be referenced from ie. GameObjects
'Packages/com.unity.cinemachine/Editor/Editors/CinemachineVirtualCameraBaseEditor.cs' contains partial class of Unity.Object, exactly 1 of the partial classes needs to be in a file with the same filename. This is to know the one that can be referenced from ie. GameObjects
Refreshing native plugins compatible for Editor in 1.57 ms, found 3 plugins.
Native extension for WindowsStandalone target not found
Native extension for OSXStandalone target not found
Assembly reference Packages/com.unity.cinemachine/Editor/Samples/ExposeHDRPInternals/HDRP-Editor-ref.asmref has no target assembly definition
Package Manager log level set to [2]
[Package Manager] Failed to launch server process. Reason: Unity was launched with the -noUpm command-line argument
[Package Manager] Unable to send message (not connected to server process).
[Package Manager] Cannot connect to Unity Package Manager local server
[Package Manager] Failed to launch server process. Reason: Unity was launched with the -noUpm command-line argument
[Package Manager] Unable to send message (not connected to server process).
[Package Manager] Cannot connect to Unity Package Manager local server
ScheduleIndexationOnStartup MainProcess:False IndexOnStartup:True
Mono: successfully reloaded assembly
- Finished resetting the current domain, in  0.566 seconds
Domain Reload Profiling: 1393ms
	BeginReloadAssembly (235ms)
		ExecutionOrderSort (0ms)
		DisableScriptedObjects (5ms)
		BackupInstance (0ms)
		ReleaseScriptingObjects (0ms)
		CreateAndSetChildDomain (37ms)
	RebuildCommonClasses (31ms)
	RebuildNativeTypeToScriptingClass (11ms)
	initialDomainReloadingComplete (57ms)
	LoadAllAssembliesAndSetupDomain (493ms)
		LoadAssemblies (446ms)
		RebuildTransferFunctionScriptingTraits (0ms)
		AnalyzeDomain (190ms)
			TypeCache.Refresh (144ms)
				TypeCache.ScanAssembly (133ms)
			BuildScriptInfoCaches (37ms)
			ResolveRequiredComponents (5ms)
	FinalizeReload (567ms)
		ReleaseScriptCaches (0ms)
		RebuildScriptCaches (0ms)
		SetupLoadedEditorAssemblies (471ms)
			LogAssemblyErrors (0ms)
			InitializePlatformSupportModulesInManaged (3ms)
			SetLoadedEditorAssemblies (4ms)
			BeforeProcessingInitializeOnLoad (145ms)
			ProcessInitializeOnLoadAttributes (257ms)
			ProcessInitializeOnLoadMethodAttributes (29ms)
			AfterProcessingInitializeOnLoad (33ms)
			EditorAssembliesLoaded (0ms)
		ExecutionOrderSort2 (0ms)
		AwakeInstancesAfterBackupRestoration (5ms)
Launched and connected shader compiler UnityShaderCompiler.exe after 0.02 seconds
Refreshing native plugins compatible for Editor in 1.69 ms, found 3 plugins.
Preloading 0 native plugins for Editor in 0.00 ms.
Unloading 1 Unused Serialized files (Serialized files now loaded: 0)
Unloading 4501 unused Assets / (1.3 MB). Loaded Objects now: 5110.
Memory consumption went from 100.0 MB to 98.7 MB.
Total: 5.583900 ms (FindLiveObjects: 0.410700 ms CreateObjectMapping: 0.137000 ms MarkObjects: 4.035200 ms  DeleteObjects: 1.000400 ms)

========================================================================
Received Import Request.
  Time since last request: 35404.993127 seconds.
  path: Assets/VNB - Office Set/Prefabs/Furniture
  artifactKey: Guid(304d8d93c5461494bb2ab8136a46cf6e) Importer(815301076,1909f56bfc062723c751e8b465ee728b)
Start importing Assets/VNB - Office Set/Prefabs/Furniture using Guid(304d8d93c5461494bb2ab8136a46cf6e) Importer(815301076,1909f56bfc062723c751e8b465ee728b) (PreviewImporter) -> (artifact id: '62241246e7b4152b9fb77de4fb5690bf') in 0.0037243 seconds
Number of updated asset objects reloaded before import = 0Number of asset objects unloaded after import = 0

========================================================================
Received Import Request.
  Time since last request: 0.093846 seconds.
  path: Assets/VNB - Office Set/Prefabs/Furniture/bookshelf.prefab
  artifactKey: Guid(ba80b85bf77952144a7c91245a33d968) Importer(815301076,1909f56bfc062723c751e8b465ee728b)
Start importing Assets/VNB - Office Set/Prefabs/Furniture/bookshelf.prefab using Guid(ba80b85bf77952144a7c91245a33d968) Importer(815301076,1909f56bfc062723c751e8b465ee728b) (PreviewImporter) -> (artifact id: 'f350b8504fc0576fc1ded55ebb90547d') in 0.0721262 seconds
Number of updated asset objects reloaded before import = 0Number of asset objects unloaded after import = 10

========================================================================
Received Import Request.
  Time since last request: 0.000033 seconds.
  path: Assets/VNB - Office Set/Prefabs/Furniture/shelf_rect.prefab
  artifactKey: Guid(4f62bf55507131d428a39fda2161c745) Importer(815301076,1909f56bfc062723c751e8b465ee728b)
Start importing Assets/VNB - Office Set/Prefabs/Furniture/shelf_rect.prefab using Guid(4f62bf55507131d428a39fda2161c745) Importer(815301076,1909f56bfc062723c751e8b465ee728b) (PreviewImporter) -> (artifact id: '468216de05121feb280653647b84f37c') in 0.0108871 seconds
Number of updated asset objects reloaded before import = 0Number of asset objects unloaded after import = 10

========================================================================
Received Import Request.
  Time since last request: 0.000019 seconds.
  path: Assets/VNB - Office Set/Prefabs/Furniture/coffee_table.prefab
  artifactKey: Guid(2b9316c92bd90bc4dba7fd67e6afec09) Importer(815301076,1909f56bfc062723c751e8b465ee728b)
Start importing Assets/VNB - Office Set/Prefabs/Furniture/coffee_table.prefab using Guid(2b9316c92bd90bc4dba7fd67e6afec09) Importer(815301076,1909f56bfc062723c751e8b465ee728b) (PreviewImporter) -> (artifact id: 'e65335cd6bc105fde36726e49617dd94') in 0.0100711 seconds
Number of updated asset objects reloaded before import = 0Number of asset objects unloaded after import = 10

========================================================================
Received Import Request.
  Time since last request: 0.000022 seconds.
  path: Assets/VNB - Office Set/Prefabs/Furniture/shelf_alternative_2.prefab
  artifactKey: Guid(1b23bbb4cbc3d944f849ea507a8e0993) Importer(815301076,1909f56bfc062723c751e8b465ee728b)
Start importing Assets/VNB - Office Set/Prefabs/Furniture/shelf_alternative_2.prefab using Guid(1b23bbb4cbc3d944f849ea507a8e0993) Importer(815301076,1909f56bfc062723c751e8b465ee728b) (PreviewImporter) -> (artifact id: '6d0615d4a9de6cc676462cf55bf36511') in 0.0112162 seconds
Number of updated asset objects reloaded before import = 0Number of asset objects unloaded after import = 31

========================================================================
Received Import Request.
  Time since last request: 0.000022 seconds.
  path: Assets/VNB - Office Set/Prefabs/Furniture/counter_a_3.prefab
  artifactKey: Guid(b860f54139d003144ba432f7bfa7c88f) Importer(815301076,1909f56bfc062723c751e8b465ee728b)
Start importing Assets/VNB - Office Set/Prefabs/Furniture/counter_a_3.prefab using Guid(b860f54139d003144ba432f7bfa7c88f) Importer(815301076,1909f56bfc062723c751e8b465ee728b) (PreviewImporter) -> (artifact id: '736f19c790e0d57e33546a5f42e407e8') in 0.0100594 seconds
Number of updated asset objects reloaded before import = 0Number of asset objects unloaded after import = 21

========================================================================
Received Import Request.
  Time since last request: 0.000018 seconds.
  path: Assets/VNB - Office Set/Prefabs/Furniture/small_whiteboard.prefab
  artifactKey: Guid(bbbf61090fb8c064789785c8a7727b89) Importer(815301076,1909f56bfc062723c751e8b465ee728b)
Start importing Assets/VNB - Office Set/Prefabs/Furniture/small_whiteboard.prefab using Guid(bbbf61090fb8c064789785c8a7727b89) Importer(815301076,1909f56bfc062723c751e8b465ee728b) (PreviewImporter) -> (artifact id: 'bd0a25a9a508f1188e91fdb166da4b81') in 0.012263 seconds
Number of updated asset objects reloaded before import = 0Number of asset objects unloaded after import = 36

========================================================================
Received Import Request.
  Time since last request: 0.000021 seconds.
  path: Assets/VNB - Office Set/Prefabs/Furniture/shelf_alternative_1.prefab
  artifactKey: Guid(10fb39104f2573c41b611b9d2e2415df) Importer(815301076,1909f56bfc062723c751e8b465ee728b)
Start importing Assets/VNB - Office Set/Prefabs/Furniture/shelf_alternative_1.prefab using Guid(10fb39104f2573c41b611b9d2e2415df) Importer(815301076,1909f56bfc062723c751e8b465ee728b) (PreviewImporter) -> (artifact id: 'f6787a4b981ad2b1cca2b30420f484d4') in 0.0100478 seconds
Number of updated asset objects reloaded before import = 0Number of asset objects unloaded after import = 32

========================================================================
Received Import Request.
  Time since last request: 0.000021 seconds.
  path: Assets/VNB - Office Set/Prefabs/Furniture/whiteboard_wall.prefab
  artifactKey: Guid(222cb652f40eb5c46bb42c9f185af0db) Importer(815301076,1909f56bfc062723c751e8b465ee728b)
Start importing Assets/VNB - Office Set/Prefabs/Furniture/whiteboard_wall.prefab using Guid(222cb652f40eb5c46bb42c9f185af0db) Importer(815301076,1909f56bfc062723c751e8b465ee728b) (PreviewImporter) -> (artifact id: 'fe674a6ec18afa2d3bcaf3d11d3832ac') in 0.0110499 seconds
Number of updated asset objects reloaded before import = 0Number of asset objects unloaded after import = 12

========================================================================
Received Import Request.
  Time since last request: 0.000016 seconds.
  path: Assets/VNB - Office Set/Prefabs/Furniture/counter_a_2.prefab
  artifactKey: Guid(1f21e7a312001c547822a48066b5a1a7) Importer(815301076,1909f56bfc062723c751e8b465ee728b)
Start importing Assets/VNB - Office Set/Prefabs/Furniture/counter_a_2.prefab using Guid(1f21e7a312001c547822a48066b5a1a7) Importer(815301076,1909f56bfc062723c751e8b465ee728b) (PreviewImporter) -> (artifact id: 'c20376903f168ba767f4b21d85ed5627') in 0.0110334 seconds
Number of updated asset objects reloaded before import = 0Number of asset objects unloaded after import = 21

========================================================================
Received Import Request.
  Time since last request: 0.000016 seconds.
  path: Assets/VNB - Office Set/Prefabs/Furniture/file_cabinet_medium.prefab
  artifactKey: Guid(1630afabe1cc030489542c43308060c8) Importer(815301076,1909f56bfc062723c751e8b465ee728b)
Start importing Assets/VNB - Office Set/Prefabs/Furniture/file_cabinet_medium.prefab using Guid(1630afabe1cc030489542c43308060c8) Importer(815301076,1909f56bfc062723c751e8b465ee728b) (PreviewImporter) -> (artifact id: '937c1aea80f68063952e7e04cc938880') in 0.0095456 seconds
Number of updated asset objects reloaded before import = 0Number of asset objects unloaded after import = 26

========================================================================
Received Import Request.
  Time since last request: 0.000018 seconds.
  path: Assets/VNB - Office Set/Prefabs/Furniture/modern_chair.prefab
  artifactKey: Guid(40bcb035c364d4b43a5976a35c7fa660) Importer(815301076,1909f56bfc062723c751e8b465ee728b)
Start importing Assets/VNB - Office Set/Prefabs/Furniture/modern_chair.prefab using Guid(40bcb035c364d4b43a5976a35c7fa660) Importer(815301076,1909f56bfc062723c751e8b465ee728b) (PreviewImporter) -> (artifact id: 'ebba32685e172a73ccdbf7d4347928de') in 0.009215 seconds
Number of updated asset objects reloaded before import = 0Number of asset objects unloaded after import = 10

========================================================================
Received Import Request.
  Time since last request: 0.000015 seconds.
  path: Assets/VNB - Office Set/Prefabs/Furniture/stool_2.prefab
  artifactKey: Guid(a51be7f97c8591a4881c05aabc84cfee) Importer(815301076,1909f56bfc062723c751e8b465ee728b)
Start importing Assets/VNB - Office Set/Prefabs/Furniture/stool_2.prefab using Guid(a51be7f97c8591a4881c05aabc84cfee) Importer(815301076,1909f56bfc062723c751e8b465ee728b) (PreviewImporter) -> (artifact id: '3fefe4d0a8be3fa0828c595d163475c6') in 0.008727 seconds
Number of updated asset objects reloaded before import = 0Number of asset objects unloaded after import = 10

========================================================================
Received Import Request.
  Time since last request: 0.000021 seconds.
  path: Assets/VNB - Office Set/Prefabs/Furniture/shelf_hrect.prefab
  artifactKey: Guid(ad9718c51f2bf8f4c8b58deb6496cbbc) Importer(815301076,1909f56bfc062723c751e8b465ee728b)
Start importing Assets/VNB - Office Set/Prefabs/Furniture/shelf_hrect.prefab using Guid(ad9718c51f2bf8f4c8b58deb6496cbbc) Importer(815301076,1909f56bfc062723c751e8b465ee728b) (PreviewImporter) -> (artifact id: 'd0e0a1eef94524550f83184bcccf5947') in 0.0105264 seconds
Number of updated asset objects reloaded before import = 0Number of asset objects unloaded after import = 10

========================================================================
Received Import Request.
  Time since last request: 0.000029 seconds.
  path: Assets/VNB - Office Set/Prefabs/Furniture/lamp.prefab
  artifactKey: Guid(69fae7714546f6942abab8f0e225babb) Importer(815301076,1909f56bfc062723c751e8b465ee728b)
Start importing Assets/VNB - Office Set/Prefabs/Furniture/lamp.prefab using Guid(69fae7714546f6942abab8f0e225babb) Importer(815301076,1909f56bfc062723c751e8b465ee728b) (PreviewImporter) -> (artifact id: 'c5772347aa032abdef38fb39896f7822') in 0.0088683 seconds
Number of updated asset objects reloaded before import = 0Number of asset objects unloaded after import = 13

========================================================================
Received Import Request.
  Time since last request: 0.000019 seconds.
  path: Assets/VNB - Office Set/Prefabs/Furniture/stool_1.prefab
  artifactKey: Guid(478487cf6300fec47a11ab3d795be258) Importer(815301076,1909f56bfc062723c751e8b465ee728b)
Start importing Assets/VNB - Office Set/Prefabs/Furniture/stool_1.prefab using Guid(478487cf6300fec47a11ab3d795be258) Importer(815301076,1909f56bfc062723c751e8b465ee728b) (PreviewImporter) -> (artifact id: 'ea2dbb90ce8ce110148918b54f6c18a4') in 0.0085039 seconds
Number of updated asset objects reloaded before import = 0Number of asset objects unloaded after import = 10

========================================================================
Received Import Request.
  Time since last request: 15.218995 seconds.
  path: Assets/VNB - Office Set/Prefabs/Office/book_folder.prefab
  artifactKey: Guid(1c425a0791afbfb4795e35c5c317b3f5) Importer(815301076,1909f56bfc062723c751e8b465ee728b)
Start importing Assets/VNB - Office Set/Prefabs/Office/book_folder.prefab using Guid(1c425a0791afbfb4795e35c5c317b3f5) Importer(815301076,1909f56bfc062723c751e8b465ee728b) (PreviewImporter) -> (artifact id: '00cad5e17e508fcd6cb609cedb7be4b7') in 0.0073263 seconds
Number of updated asset objects reloaded before import = 0Number of asset objects unloaded after import = 10

========================================================================
Received Import Request.
  Time since last request: 0.000015 seconds.
  path: Assets/VNB - Office Set/Prefabs/Office/desk_3_alt.prefab
  artifactKey: Guid(794b45d9dcd477445a791f54bab09d4c) Importer(815301076,1909f56bfc062723c751e8b465ee728b)
Start importing Assets/VNB - Office Set/Prefabs/Office/desk_3_alt.prefab using Guid(794b45d9dcd477445a791f54bab09d4c) Importer(815301076,1909f56bfc062723c751e8b465ee728b) (PreviewImporter) -> (artifact id: 'e55551f001a9f7d0f271d7b566de4087') in 0.0079851 seconds
Number of updated asset objects reloaded before import = 0Number of asset objects unloaded after import = 21

========================================================================
Received Import Request.
  Time since last request: 0.000018 seconds.
  path: Assets/VNB - Office Set/Prefabs/Office/desk_3_modern.prefab
  artifactKey: Guid(46b951c178938ff469e5550fbc61efa0) Importer(815301076,1909f56bfc062723c751e8b465ee728b)
Start importing Assets/VNB - Office Set/Prefabs/Office/desk_3_modern.prefab using Guid(46b951c178938ff469e5550fbc61efa0) Importer(815301076,1909f56bfc062723c751e8b465ee728b) (PreviewImporter) -> (artifact id: '484e4890cb18a476fd167c5f6a9f2003') in 0.0079689 seconds
Number of updated asset objects reloaded before import = 0Number of asset objects unloaded after import = 47

========================================================================
Received Import Request.
  Time since last request: 0.000019 seconds.
  path: Assets/VNB - Office Set/Prefabs/Office/controller_ac.prefab
  artifactKey: Guid(9477727aeac1cf84e95c8faa04d79303) Importer(815301076,1909f56bfc062723c751e8b465ee728b)
Start importing Assets/VNB - Office Set/Prefabs/Office/controller_ac.prefab using Guid(9477727aeac1cf84e95c8faa04d79303) Importer(815301076,1909f56bfc062723c751e8b465ee728b) (PreviewImporter) -> (artifact id: 'dbbd86307f5a57a07148d6b841f278bb') in 0.0090771 seconds
Number of updated asset objects reloaded before import = 0Number of asset objects unloaded after import = 10

========================================================================
Received Import Request.
  Time since last request: 0.000014 seconds.
  path: Assets/VNB - Office Set/Prefabs/Office/desk_2_alternative.prefab
  artifactKey: Guid(cabb045b714a92b428390b58d765d79c) Importer(815301076,1909f56bfc062723c751e8b465ee728b)
Start importing Assets/VNB - Office Set/Prefabs/Office/desk_2_alternative.prefab using Guid(cabb045b714a92b428390b58d765d79c) Importer(815301076,1909f56bfc062723c751e8b465ee728b) (PreviewImporter) -> (artifact id: '26b79b1abe954b908457717edcdb04b8') in 0.0087078 seconds
Number of updated asset objects reloaded before import = 0Number of asset objects unloaded after import = 58

========================================================================
Received Import Request.
  Time since last request: 0.000017 seconds.
  path: Assets/VNB - Office Set/Prefabs/Office/desk_2.prefab
  artifactKey: Guid(967f27315cdc09c4690d53105ddd4956) Importer(815301076,1909f56bfc062723c751e8b465ee728b)
Start importing Assets/VNB - Office Set/Prefabs/Office/desk_2.prefab using Guid(967f27315cdc09c4690d53105ddd4956) Importer(815301076,1909f56bfc062723c751e8b465ee728b) (PreviewImporter) -> (artifact id: '34e1377c1422eeb59e732cb792d20860') in 0.0092382 seconds
Number of updated asset objects reloaded before import = 0Number of asset objects unloaded after import = 42

========================================================================
Received Import Request.
  Time since last request: 0.000018 seconds.
  path: Assets/VNB - Office Set/Prefabs/Office/old_keyboard.prefab
  artifactKey: Guid(ca0f1f9e7b6e2ca43a8e405e213b5857) Importer(815301076,1909f56bfc062723c751e8b465ee728b)
Start importing Assets/VNB - Office Set/Prefabs/Office/old_keyboard.prefab using Guid(ca0f1f9e7b6e2ca43a8e405e213b5857) Importer(815301076,1909f56bfc062723c751e8b465ee728b) (PreviewImporter) -> (artifact id: '65b4e434f2d22bc1adad4e5241d3692c') in 0.0085977 seconds
Number of updated asset objects reloaded before import = 0Number of asset objects unloaded after import = 10

========================================================================
Received Import Request.
  Time since last request: 0.000016 seconds.
  path: Assets/VNB - Office Set/Prefabs/Office/old_monitor.prefab
  artifactKey: Guid(a2c9e035f53a5144e9e19418b131c2f2) Importer(815301076,1909f56bfc062723c751e8b465ee728b)
Start importing Assets/VNB - Office Set/Prefabs/Office/old_monitor.prefab using Guid(a2c9e035f53a5144e9e19418b131c2f2) Importer(815301076,1909f56bfc062723c751e8b465ee728b) (PreviewImporter) -> (artifact id: 'd4ef6124aff1f14c2e46609fefa5d49c') in 0.0128508 seconds
Number of updated asset objects reloaded before import = 0Number of asset objects unloaded after import = 12

========================================================================
Received Import Request.
  Time since last request: 0.000021 seconds.
  path: Assets/VNB - Office Set/Prefabs/Office/coffee_machine.prefab
  artifactKey: Guid(79e5fecc08a749941bdef448897de6f3) Importer(815301076,1909f56bfc062723c751e8b465ee728b)
Start importing Assets/VNB - Office Set/Prefabs/Office/coffee_machine.prefab using Guid(79e5fecc08a749941bdef448897de6f3) Importer(815301076,1909f56bfc062723c751e8b465ee728b) (PreviewImporter) -> (artifact id: '0888fd887147e4c923bdbe57a5e147cc') in 0.008999 seconds
Number of updated asset objects reloaded before import = 0Number of asset objects unloaded after import = 10

========================================================================
Received Import Request.
  Time since last request: 0.000021 seconds.
  path: Assets/VNB - Office Set/Prefabs/Office/new_mouse.prefab
  artifactKey: Guid(d3c21da7f014ddf4cac46e46f889b009) Importer(815301076,1909f56bfc062723c751e8b465ee728b)
Start importing Assets/VNB - Office Set/Prefabs/Office/new_mouse.prefab using Guid(d3c21da7f014ddf4cac46e46f889b009) Importer(815301076,1909f56bfc062723c751e8b465ee728b) (PreviewImporter) -> (artifact id: '32d079f206db38c0f7c35d2068fa972a') in 0.0088538 seconds
Number of updated asset objects reloaded before import = 0Number of asset objects unloaded after import = 10

========================================================================
Received Import Request.
  Time since last request: 0.000017 seconds.
  path: Assets/VNB - Office Set/Prefabs/Office/old_monitor_2.prefab
  artifactKey: Guid(bf15518dc245933498060e3aa7112ed6) Importer(815301076,1909f56bfc062723c751e8b465ee728b)
Start importing Assets/VNB - Office Set/Prefabs/Office/old_monitor_2.prefab using Guid(bf15518dc245933498060e3aa7112ed6) Importer(815301076,1909f56bfc062723c751e8b465ee728b) (PreviewImporter) -> (artifact id: '5c979ee932aab097f4ab653791467d03') in 0.0097145 seconds
Number of updated asset objects reloaded before import = 0Number of asset objects unloaded after import = 12

========================================================================
Received Import Request.
  Time since last request: 0.000019 seconds.
  path: Assets/VNB - Office Set/Prefabs/Office/desk_4_alternative_modern_2_people.prefab
  artifactKey: Guid(c4bf1b0306a7f8b4494f23e64110f080) Importer(815301076,1909f56bfc062723c751e8b465ee728b)
Start importing Assets/VNB - Office Set/Prefabs/Office/desk_4_alternative_modern_2_people.prefab using Guid(c4bf1b0306a7f8b4494f23e64110f080) Importer(815301076,1909f56bfc062723c751e8b465ee728b) (PreviewImporter) -> (artifact id: '594719dedb6d07095b19e47390d0cbe6') in 0.00906 seconds
Number of updated asset objects reloaded before import = 0Number of asset objects unloaded after import = 58

========================================================================
Received Import Request.
  Time since last request: 0.000016 seconds.
  path: Assets/VNB - Office Set/Prefabs/Office/desk_3.prefab
  artifactKey: Guid(aeec122b5cfbc844894e42eb2bd55386) Importer(815301076,1909f56bfc062723c751e8b465ee728b)
Start importing Assets/VNB - Office Set/Prefabs/Office/desk_3.prefab using Guid(aeec122b5cfbc844894e42eb2bd55386) Importer(815301076,1909f56bfc062723c751e8b465ee728b) (PreviewImporter) -> (artifact id: 'ae78499378bcfd429ab0ce744adb3099') in 0.0099339 seconds
Number of updated asset objects reloaded before import = 0Number of asset objects unloaded after import = 42

Editor requested this worker to shutdown with reason: Scaling down because of idle timeout
AssetImportWorker is now disconnected from the server
Process exiting
Exiting without the bug reporter. Application will terminate with return code 0