[Licensing::Module] Trying to connect to existing licensing client channel...
Built from '6000.3/staging' branch; Version is '6000.3.9f1 (7a9955a4f2fa) revision 8034645'; Using compiler version '194234433'; Build Type 'Release'
OS: 'Windows 11  (10.0.26200) Core' Language: 'en' Physical Memory: 32426 MB
[Licensing::IpcConnector] Successfully connected to: "LicenseClient-Omola" at "2026-05-18T04:19:34.8317216Z"
BatchMode: 1, IsHumanControllingUs: 0, StartBugReporterOnCrash: 0, Is64bit: 1
System  architecture: x64
Process architecture: x64
Date: 2026-05-18T04:19:34Z

COMMAND LINE ARGUMENTS:
C:\Program Files\Unity\Hub\Editor\6000.3.9f1\Editor\Unity.exe
-adb2
-batchMode
-noUpm
-name
AssetImportWorker4
-projectPath
C:/Users/Omola/Documents/GitHub/PROJECTFISH
-logFile
Logs/AssetImportWorker4.log
-srvPort
49939
-licensingIpc
LicenseClient-Omola
-job-worker-count
7
-background-job-worker-count
8
-gc-helper-count
1
-name
AssetImport
Successfully changed project path to: C:/Users/Omola/Documents/GitHub/PROJECTFISH
C:/Users/Omola/Documents/GitHub/PROJECTFISH
[UnityMemory] Configuration Parameters - Can be set up in boot.config
    "memorysetup-temp-allocator-size-nav-mesh-worker=65536"
    "memorysetup-temp-allocator-size-audio-worker=65536"
    "memorysetup-temp-allocator-size-gfx=262144"
    "memorysetup-allocator-temp-initial-block-size-main=262144"
    "memorysetup-allocator-temp-initial-block-size-worker=262144"
    "memorysetup-temp-allocator-size-background-worker=32768"
    "memorysetup-temp-allocator-size-job-worker=262144"
    "memorysetup-temp-allocator-size-preload-manager=33554432"
    "memorysetup-temp-allocator-size-gi-baking-worker=262144"
    "memorysetup-temp-allocator-size-gi-baking-worker=262144"
    "memorysetup-temp-allocator-size-gi-baking-worker=262144"
    "memorysetup-temp-allocator-size-gi-baking-worker=262144"
    "memorysetup-temp-allocator-size-gi-baking-worker=262144"
    "memorysetup-bucket-allocator-granularity=16"
    "memorysetup-bucket-allocator-bucket-count=8"
    "memorysetup-bucket-allocator-block-size=33554432"
    "memorysetup-bucket-allocator-block-count=8"
    "memorysetup-main-allocator-block-size=16777216"
    "memorysetup-thread-allocator-block-size=16777216"
    "memorysetup-gfx-main-allocator-block-size=16777216"
    "memorysetup-gfx-thread-allocator-block-size=16777216"
    "memorysetup-cache-allocator-block-size=4194304"
    "memorysetup-typetree-allocator-block-size=2097152"
    "memorysetup-profiler-bucket-allocator-granularity=16"
    "memorysetup-profiler-bucket-allocator-bucket-count=8"
    "memorysetup-profiler-bucket-allocator-block-size=33554432"
    "memorysetup-profiler-bucket-allocator-block-count=8"
    "memorysetup-profiler-allocator-block-size=16777216"
    "memorysetup-profiler-editor-allocator-block-size=1048576"
    "memorysetup-temp-allocator-size-main=16777216"
    "memorysetup-job-temp-allocator-block-size=2097152"
    "memorysetup-job-temp-allocator-block-size-background=1048576"
    "memorysetup-job-temp-allocator-reduction-small-platforms=262144"
    "memorysetup-temp-allocator-size-cloud-worker=32768"
Player connection [35480]  Target information:

Player connection [35480]  * "[IP] 10.5.0.2 [Port] 0 [Flags] 2 [Guid] 1605927032 [EditorId] 1605927032 [Version] 1048832 [Id] WindowsEditor(7,LINK) [Debug] 1 [PackageName] WindowsEditor [ProjectName] Editor" 

Player connection [35480]  * "[IP] 192.168.1.232 [Port] 0 [Flags] 2 [Guid] 1605927032 [EditorId] 1605927032 [Version] 1048832 [Id] WindowsEditor(7,LINK) [Debug] 1 [PackageName] WindowsEditor [ProjectName] Editor" 

Player connection [35480] Host joined multi-casting on [225.0.0.222:54997]...
Player connection [35480] Host joined alternative multi-casting on [225.0.0.222:34997]...
JobSystem: Creating JobQueue using job-worker-count value 7
Input System module state changed to: Initialized.
[Physics::Module] Initialized fallback backend.
[Physics::Module] Id: 0xdecafbad
Library Redirect Path: Library/
[Physics::Module] Selected backend.
[Physics::Module] Name: PhysX
[Physics::Module] Id: 0xf2b8ea05
[Physics::Module] SDK Version: 4.1.2
[Physics::Module] Integration Version: 1.0.0
[Physics::Module] Threading Mode: Multi-Threaded
Refreshing native plugins compatible for Editor in 4.55 ms, found 3 plugins.
Preloading 0 native plugins for Editor in 0.00 ms.
Initialize engine version: 6000.3.9f1 (7a9955a4f2fa)
[Subsystems] Discovering subsystems at path C:/Program Files/Unity/Hub/Editor/6000.3.9f1/Editor/Data/Resources/UnitySubsystems
[Subsystems] Discovering subsystems at path C:/Users/Omola/Documents/GitHub/PROJECTFISH/Assets
GfxDevice: creating device client; kGfxThreadingModeNonThreaded
Direct3D:
    Version:  Direct3D 11.0 [level 11.1]
    Renderer: NVIDIA GeForce RTX 5060 Ti (ID=0x2d04)
    Vendor:   NVIDIA
    VRAM:     15962 MB
    Driver:   32.0.15.8195
Initialize mono
Mono path[0] = 'C:/Program Files/Unity/Hub/Editor/6000.3.9f1/Editor/Data/Managed'
Mono path[1] = 'C:/Program Files/Unity/Hub/Editor/6000.3.9f1/Editor/Data/MonoBleedingEdge/lib/mono/unityjit-win32'
Mono config path = 'C:/Program Files/Unity/Hub/Editor/6000.3.9f1/Editor/Data/MonoBleedingEdge/etc'
Using monoOptions --debugger-agent=transport=dt_socket,embedding=1,server=y,suspend=n,address=127.0.0.1:56508
Begin MonoManager ReloadAssembly
Registering precompiled unity dll's ...
Register platform support module: C:/Program Files/Unity/Hub/Editor/6000.3.9f1/Editor/Data/PlaybackEngines/MacStandaloneSupport/UnityEditor.OSXStandalone.Extensions.dll
Register platform support module: C:/Program Files/Unity/Hub/Editor/6000.3.9f1/Editor/Data/PlaybackEngines/WindowsStandaloneSupport/UnityEditor.WindowsStandalone.Extensions.dll
Registered in 0.006549 seconds.
- Loaded All Assemblies, in  0.402 seconds
Native extension for WindowsStandalone target not found
Native extension for OSXStandalone target not found
ScheduleIndexationOnStartup MainProcess:False IndexOnStartup:True
Mono: successfully reloaded assembly
- Finished resetting the current domain, in  0.343 seconds
Domain Reload Profiling: 734ms
	BeginReloadAssembly (148ms)
		ExecutionOrderSort (0ms)
		DisableScriptedObjects (0ms)
		BackupInstance (0ms)
		ReleaseScriptingObjects (0ms)
		CreateAndSetChildDomain (1ms)
	RebuildCommonClasses (33ms)
	RebuildNativeTypeToScriptingClass (10ms)
	initialDomainReloadingComplete (60ms)
	LoadAllAssembliesAndSetupDomain (140ms)
		LoadAssemblies (138ms)
		RebuildTransferFunctionScriptingTraits (0ms)
		AnalyzeDomain (137ms)
			TypeCache.Refresh (135ms)
				TypeCache.ScanAssembly (124ms)
			BuildScriptInfoCaches (0ms)
			ResolveRequiredComponents (0ms)
	FinalizeReload (343ms)
		ReleaseScriptCaches (0ms)
		RebuildScriptCaches (0ms)
		SetupLoadedEditorAssemblies (310ms)
			LogAssemblyErrors (0ms)
			InitializePlatformSupportModulesInManaged (48ms)
			SetLoadedEditorAssemblies (3ms)
			BeforeProcessingInitializeOnLoad (66ms)
			ProcessInitializeOnLoadAttributes (133ms)
			ProcessInitializeOnLoadMethodAttributes (59ms)
			AfterProcessingInitializeOnLoad (0ms)
			EditorAssembliesLoaded (0ms)
		ExecutionOrderSort2 (0ms)
		AwakeInstancesAfterBackupRestoration (0ms)
Assembly reference Packages/com.unity.cinemachine/Editor/Samples/ExposeHDRPInternals/HDRP-Editor-ref.asmref has no target assembly definition
========================================================================
Worker process is ready to serve import requests
Import Worker Mode flag is 0x00
Assembly reference Packages/com.unity.cinemachine/Editor/Samples/ExposeHDRPInternals/HDRP-Editor-ref.asmref has no target assembly definition
Assembly reference Packages/com.unity.cinemachine/Editor/Samples/ExposeHDRPInternals/HDRP-Editor-ref.asmref has no target assembly definition
Begin MonoManager ReloadAssembly
[Licensing::Module] Licensing is not yet initialized.
[Licensing::Client] Handshaking with LicensingClient:
  Version:                 1.17.4+4293ba1
  Session Id:              fa108450afb14e3ea9849123b498678f
  Correlation Id:          fd2c1cc4453670517cd604f9fd2b1a7c
  External correlation Id: 720798459147906749
  Machine Id:              Vt39me9IhWDxxx0Srn0x/ASpSWo=
[Licensing::Module] Successfully connected to LicensingClient on channel: "LicenseClient-Omola" (connect: 0.00s, validation: 0.00s, handshake: 1.63s)
[Licensing::IpcConnector] Successfully connected to: "LicenseClient-Omola-notifications" at "2026-05-18T04:19:36.4661721Z"
[Licensing::Module] Licensing Background thread has ended after 1.63s
[Licensing::Module] Licensing is initialized (took 0.04s).
[Licensing::Client] Successfully resolved entitlement details
[Licensing::Module] License group:
  Id: 2475878297269-UnityPersXXXX
  Product: Unity Personal
  Type: Assigned
  Expiration: Unlimited
- Loaded All Assemblies, in  0.785 seconds
Assembly reference Packages/com.unity.cinemachine/Editor/Samples/ExposeHDRPInternals/HDRP-Editor-ref.asmref has no target assembly definition
'Packages/com.unity.cinemachine/Editor/Obsolete/CinemachineVirtualCameraBaseEditor.cs' contains partial class of Unity.Object, exactly 1 of the partial classes needs to be in a file with the same filename. This is to know the one that can be referenced from ie. GameObjects
'Packages/com.unity.cinemachine/Editor/Editors/CinemachineVirtualCameraBaseEditor.cs' contains partial class of Unity.Object, exactly 1 of the partial classes needs to be in a file with the same filename. This is to know the one that can be referenced from ie. GameObjects
Refreshing native plugins compatible for Editor in 1.76 ms, found 3 plugins.
Native extension for WindowsStandalone target not found
Native extension for OSXStandalone target not found
Assembly reference Packages/com.unity.cinemachine/Editor/Samples/ExposeHDRPInternals/HDRP-Editor-ref.asmref has no target assembly definition
Package Manager log level set to [2]
[Package Manager] Failed to launch server process. Reason: Unity was launched with the -noUpm command-line argument
[Package Manager] Unable to send message (not connected to server process).
[Package Manager] Cannot connect to Unity Package Manager local server
[Package Manager] Failed to launch server process. Reason: Unity was launched with the -noUpm command-line argument
[Package Manager] Unable to send message (not connected to server process).
[Package Manager] Cannot connect to Unity Package Manager local server
ScheduleIndexationOnStartup MainProcess:False IndexOnStartup:True
Mono: successfully reloaded assembly
- Finished resetting the current domain, in  0.584 seconds
Domain Reload Profiling: 1354ms
	BeginReloadAssembly (224ms)
		ExecutionOrderSort (0ms)
		DisableScriptedObjects (4ms)
		BackupInstance (0ms)
		ReleaseScriptingObjects (0ms)
		CreateAndSetChildDomain (29ms)
	RebuildCommonClasses (32ms)
	RebuildNativeTypeToScriptingClass (11ms)
	initialDomainReloadingComplete (45ms)
	LoadAllAssembliesAndSetupDomain (457ms)
		LoadAssemblies (402ms)
		RebuildTransferFunctionScriptingTraits (0ms)
		AnalyzeDomain (168ms)
			TypeCache.Refresh (128ms)
				TypeCache.ScanAssembly (117ms)
			BuildScriptInfoCaches (33ms)
			ResolveRequiredComponents (5ms)
	FinalizeReload (585ms)
		ReleaseScriptCaches (0ms)
		RebuildScriptCaches (0ms)
		SetupLoadedEditorAssemblies (490ms)
			LogAssemblyErrors (0ms)
			InitializePlatformSupportModulesInManaged (3ms)
			SetLoadedEditorAssemblies (3ms)
			BeforeProcessingInitializeOnLoad (140ms)
			ProcessInitializeOnLoadAttributes (292ms)
			ProcessInitializeOnLoadMethodAttributes (33ms)
			AfterProcessingInitializeOnLoad (19ms)
			EditorAssembliesLoaded (0ms)
		ExecutionOrderSort2 (0ms)
		AwakeInstancesAfterBackupRestoration (5ms)
Launched and connected shader compiler UnityShaderCompiler.exe after 0.02 seconds
Refreshing native plugins compatible for Editor in 2.03 ms, found 3 plugins.
Preloading 0 native plugins for Editor in 0.00 ms.
Unloading 1 Unused Serialized files (Serialized files now loaded: 0)
Unloading 4544 unused Assets / (1.4 MB). Loaded Objects now: 5153.
Memory consumption went from 100.2 MB to 98.8 MB.
Total: 6.017500 ms (FindLiveObjects: 0.421700 ms CreateObjectMapping: 0.130400 ms MarkObjects: 4.388900 ms  DeleteObjects: 1.075300 ms)

========================================================================
Received Import Request.
  Time since last request: 132250.750126 seconds.
  path: Assets/MAIN STUFF/3D MODELS/VNB - Office Set/Prefabs/Furniture/table.prefab
  artifactKey: Guid(2441fd2cb3b5a7c43bab08d72dd45e87) Importer(815301076,1909f56bfc062723c751e8b465ee728b)
Start importing Assets/MAIN STUFF/3D MODELS/VNB - Office Set/Prefabs/Furniture/table.prefab using Guid(2441fd2cb3b5a7c43bab08d72dd45e87) Importer(815301076,1909f56bfc062723c751e8b465ee728b) (PreviewImporter) -> (artifact id: '24ec51ef072d52ae5a1064a6b6577217') in 0.0733972 seconds
Number of updated asset objects reloaded before import = 0Number of asset objects unloaded after import = 10

========================================================================
Received Import Request.
  Time since last request: 110.670287 seconds.
  path: Assets/MAIN STUFF/3D MODELS/VNB - Office Set/Prefabs/Office
  artifactKey: Guid(cfaf4fecacef76848919b6c56018bcf9) Importer(815301076,1909f56bfc062723c751e8b465ee728b)
Start importing Assets/MAIN STUFF/3D MODELS/VNB - Office Set/Prefabs/Office using Guid(cfaf4fecacef76848919b6c56018bcf9) Importer(815301076,1909f56bfc062723c751e8b465ee728b) (PreviewImporter) -> (artifact id: '78f185ee4f03f5982829361e6742c2a1') in 0.0006135 seconds
Number of updated asset objects reloaded before import = 0Number of asset objects unloaded after import = 0

========================================================================
Received Import Request.
  Time since last request: 0.084639 seconds.
  path: Assets/MAIN STUFF/3D MODELS/VNB - Office Set/Prefabs/Office/air_conditioner.prefab
  artifactKey: Guid(a8a1ab089f8320b498643b66b2db4c68) Importer(815301076,1909f56bfc062723c751e8b465ee728b)
Start importing Assets/MAIN STUFF/3D MODELS/VNB - Office Set/Prefabs/Office/air_conditioner.prefab using Guid(a8a1ab089f8320b498643b66b2db4c68) Importer(815301076,1909f56bfc062723c751e8b465ee728b) (PreviewImporter) -> (artifact id: '6c02840f8491d46837824b441887ed98') in 0.0090684 seconds
Number of updated asset objects reloaded before import = 0Number of asset objects unloaded after import = 15

========================================================================
Received Import Request.
  Time since last request: 0.002949 seconds.
  path: Assets/MAIN STUFF/3D MODELS/VNB - Office Set/Prefabs/Office/coffee_machine.prefab
  artifactKey: Guid(79e5fecc08a749941bdef448897de6f3) Importer(815301076,1909f56bfc062723c751e8b465ee728b)
Start importing Assets/MAIN STUFF/3D MODELS/VNB - Office Set/Prefabs/Office/coffee_machine.prefab using Guid(79e5fecc08a749941bdef448897de6f3) Importer(815301076,1909f56bfc062723c751e8b465ee728b) (PreviewImporter) -> (artifact id: '95b9e6588d5761a71aeaa1385ef16fe8') in 0.0099147 seconds
Number of updated asset objects reloaded before import = 0Number of asset objects unloaded after import = 10

========================================================================
Received Import Request.
  Time since last request: 0.003116 seconds.
  path: Assets/MAIN STUFF/3D MODELS/VNB - Office Set/Prefabs/Office/computer_old.prefab
  artifactKey: Guid(e6bec74b3d2659c45a9a9b0688e38c75) Importer(815301076,1909f56bfc062723c751e8b465ee728b)
Start importing Assets/MAIN STUFF/3D MODELS/VNB - Office Set/Prefabs/Office/computer_old.prefab using Guid(e6bec74b3d2659c45a9a9b0688e38c75) Importer(815301076,1909f56bfc062723c751e8b465ee728b) (PreviewImporter) -> (artifact id: '080b65020199d57c521b9a77f3c2ede0') in 0.0141401 seconds
Number of updated asset objects reloaded before import = 0Number of asset objects unloaded after import = 48

========================================================================
Received Import Request.
  Time since last request: 0.000021 seconds.
  path: Assets/MAIN STUFF/3D MODELS/VNB - Office Set/Prefabs/Office/desk_3_alt.prefab
  artifactKey: Guid(794b45d9dcd477445a791f54bab09d4c) Importer(815301076,1909f56bfc062723c751e8b465ee728b)
Start importing Assets/MAIN STUFF/3D MODELS/VNB - Office Set/Prefabs/Office/desk_3_alt.prefab using Guid(794b45d9dcd477445a791f54bab09d4c) Importer(815301076,1909f56bfc062723c751e8b465ee728b) (PreviewImporter) -> (artifact id: 'd4cb75ce59b2c7dd9cb35526906313e2') in 0.0106013 seconds
Number of updated asset objects reloaded before import = 0Number of asset objects unloaded after import = 21

========================================================================
Received Import Request.
  Time since last request: 0.000019 seconds.
  path: Assets/MAIN STUFF/3D MODELS/VNB - Office Set/Prefabs/Office/controller_tv.prefab
  artifactKey: Guid(784e980c1cf96344d9d04f01e2618d6b) Importer(815301076,1909f56bfc062723c751e8b465ee728b)
Start importing Assets/MAIN STUFF/3D MODELS/VNB - Office Set/Prefabs/Office/controller_tv.prefab using Guid(784e980c1cf96344d9d04f01e2618d6b) Importer(815301076,1909f56bfc062723c751e8b465ee728b) (PreviewImporter) -> (artifact id: '1bd510cc075641adeedfa30396d82cab') in 0.0100539 seconds
Number of updated asset objects reloaded before import = 0Number of asset objects unloaded after import = 10

========================================================================
Received Import Request.
  Time since last request: 0.000020 seconds.
  path: Assets/MAIN STUFF/3D MODELS/VNB - Office Set/Prefabs/Office/computer_old_2.prefab
  artifactKey: Guid(670f20a4f35fcb249b1a44693addaa66) Importer(815301076,1909f56bfc062723c751e8b465ee728b)
Start importing Assets/MAIN STUFF/3D MODELS/VNB - Office Set/Prefabs/Office/computer_old_2.prefab using Guid(670f20a4f35fcb249b1a44693addaa66) Importer(815301076,1909f56bfc062723c751e8b465ee728b) (PreviewImporter) -> (artifact id: '53c21ce52fceed0c886ea41a5324fb25') in 0.0140459 seconds
Number of updated asset objects reloaded before import = 0Number of asset objects unloaded after import = 61

========================================================================
Received Import Request.
  Time since last request: 0.000022 seconds.
  path: Assets/MAIN STUFF/3D MODELS/VNB - Office Set/Prefabs/Office/desk_1_alternative.prefab
  artifactKey: Guid(141e5782a7b9eca4ea38f8a0f66746fb) Importer(815301076,1909f56bfc062723c751e8b465ee728b)
Start importing Assets/MAIN STUFF/3D MODELS/VNB - Office Set/Prefabs/Office/desk_1_alternative.prefab using Guid(141e5782a7b9eca4ea38f8a0f66746fb) Importer(815301076,1909f56bfc062723c751e8b465ee728b) (PreviewImporter) -> (artifact id: '4d0ceab9511cc47bf4e50f6fae080b1c') in 0.0099126 seconds
Number of updated asset objects reloaded before import = 0Number of asset objects unloaded after import = 27

========================================================================
Received Import Request.
  Time since last request: 0.000021 seconds.
  path: Assets/MAIN STUFF/3D MODELS/VNB - Office Set/Prefabs/Office/desk_2.prefab
  artifactKey: Guid(967f27315cdc09c4690d53105ddd4956) Importer(815301076,1909f56bfc062723c751e8b465ee728b)
Start importing Assets/MAIN STUFF/3D MODELS/VNB - Office Set/Prefabs/Office/desk_2.prefab using Guid(967f27315cdc09c4690d53105ddd4956) Importer(815301076,1909f56bfc062723c751e8b465ee728b) (PreviewImporter) -> (artifact id: '084f8d81f4fb6a29593ad6b9655b8180') in 0.0109902 seconds
Number of updated asset objects reloaded before import = 0Number of asset objects unloaded after import = 42

========================================================================
Received Import Request.
  Time since last request: 0.000017 seconds.
  path: Assets/MAIN STUFF/3D MODELS/VNB - Office Set/Prefabs/Office/desk_4_2_people.prefab
  artifactKey: Guid(3a13312b513393a4f8bd43711ee74911) Importer(815301076,1909f56bfc062723c751e8b465ee728b)
Start importing Assets/MAIN STUFF/3D MODELS/VNB - Office Set/Prefabs/Office/desk_4_2_people.prefab using Guid(3a13312b513393a4f8bd43711ee74911) Importer(815301076,1909f56bfc062723c751e8b465ee728b) (PreviewImporter) -> (artifact id: '115c947768b67b7017ee18a5c3f79306') in 0.0097012 seconds
Number of updated asset objects reloaded before import = 0Number of asset objects unloaded after import = 48

========================================================================
Received Import Request.
  Time since last request: 32.671484 seconds.
  path: Assets/MAIN STUFF/3D MODELS/VNB - Office Set/Prefabs/Office/desk_4_alternative_modern_2_people.prefab
  artifactKey: Guid(c4bf1b0306a7f8b4494f23e64110f080) Importer(815301076,1909f56bfc062723c751e8b465ee728b)
Start importing Assets/MAIN STUFF/3D MODELS/VNB - Office Set/Prefabs/Office/desk_4_alternative_modern_2_people.prefab using Guid(c4bf1b0306a7f8b4494f23e64110f080) Importer(815301076,1909f56bfc062723c751e8b465ee728b) (PreviewImporter) -> (artifact id: 'bdcf6f6945804e90fea632be9aa16383') in 0.009895 seconds
Number of updated asset objects reloaded before import = 0Number of asset objects unloaded after import = 58

========================================================================
Received Import Request.
  Time since last request: 0.000015 seconds.
  path: Assets/MAIN STUFF/3D MODELS/VNB - Office Set/Prefabs/Office/microwave_new.prefab
  artifactKey: Guid(29c0775bda4f15a4c972a05239145e8a) Importer(815301076,1909f56bfc062723c751e8b465ee728b)
Start importing Assets/MAIN STUFF/3D MODELS/VNB - Office Set/Prefabs/Office/microwave_new.prefab using Guid(29c0775bda4f15a4c972a05239145e8a) Importer(815301076,1909f56bfc062723c751e8b465ee728b) (PreviewImporter) -> (artifact id: 'cfa49e43e18d4f1ffc662383add0d826') in 0.0082441 seconds
Number of updated asset objects reloaded before import = 0Number of asset objects unloaded after import = 16

========================================================================
Received Import Request.
  Time since last request: 0.046415 seconds.
  path: Assets/MAIN STUFF/3D MODELS/VNB - Office Set/Prefabs/Office/microwave_old.prefab
  artifactKey: Guid(39b256cb556b8b843a2477d134454487) Importer(815301076,1909f56bfc062723c751e8b465ee728b)
Start importing Assets/MAIN STUFF/3D MODELS/VNB - Office Set/Prefabs/Office/microwave_old.prefab using Guid(39b256cb556b8b843a2477d134454487) Importer(815301076,1909f56bfc062723c751e8b465ee728b) (PreviewImporter) -> (artifact id: 'da38a31682cde3f51d6d58298d8f7e39') in 0.0104057 seconds
Number of updated asset objects reloaded before import = 0Number of asset objects unloaded after import = 16

========================================================================
Received Import Request.
  Time since last request: 0.000016 seconds.
  path: Assets/MAIN STUFF/3D MODELS/VNB - Office Set/Prefabs/Office/new_mouse.prefab
  artifactKey: Guid(d3c21da7f014ddf4cac46e46f889b009) Importer(815301076,1909f56bfc062723c751e8b465ee728b)
Start importing Assets/MAIN STUFF/3D MODELS/VNB - Office Set/Prefabs/Office/new_mouse.prefab using Guid(d3c21da7f014ddf4cac46e46f889b009) Importer(815301076,1909f56bfc062723c751e8b465ee728b) (PreviewImporter) -> (artifact id: '0351569880a25ccd550bc889c616e832') in 0.0104072 seconds
Number of updated asset objects reloaded before import = 0Number of asset objects unloaded after import = 10

========================================================================
Received Import Request.
  Time since last request: 0.591255 seconds.
  path: Assets/MAIN STUFF/3D MODELS/VNB - Office Set/Prefabs/Office/office_chair.prefab
  artifactKey: Guid(eac496dabf87c6e4098dd8cfa5f37ccc) Importer(815301076,1909f56bfc062723c751e8b465ee728b)
Start importing Assets/MAIN STUFF/3D MODELS/VNB - Office Set/Prefabs/Office/office_chair.prefab using Guid(eac496dabf87c6e4098dd8cfa5f37ccc) Importer(815301076,1909f56bfc062723c751e8b465ee728b) (PreviewImporter) -> (artifact id: '20b4f7819a5f147a2942261cca364beb') in 0.0086195 seconds
Number of updated asset objects reloaded before import = 0Number of asset objects unloaded after import = 46

========================================================================
Received Import Request.
  Time since last request: 0.000021 seconds.
  path: Assets/MAIN STUFF/3D MODELS/VNB - Office Set/Prefabs/Office/old_mouse.prefab
  artifactKey: Guid(ad2fa7a61dc7cc340bb3a98a565abdb0) Importer(815301076,1909f56bfc062723c751e8b465ee728b)
Start importing Assets/MAIN STUFF/3D MODELS/VNB - Office Set/Prefabs/Office/old_mouse.prefab using Guid(ad2fa7a61dc7cc340bb3a98a565abdb0) Importer(815301076,1909f56bfc062723c751e8b465ee728b) (PreviewImporter) -> (artifact id: '69299a0d69c4dbc5b786f8aa4dac764e') in 0.0086579 seconds
Number of updated asset objects reloaded before import = 0Number of asset objects unloaded after import = 10

========================================================================
Received Import Request.
  Time since last request: 16.781929 seconds.
  path: Assets/MAIN STUFF/3D MODELS/VNB - Office Set/Prefabs/Office/paper_file_custom.prefab
  artifactKey: Guid(409a59359549aef418ba80e0b2e0056a) Importer(815301076,1909f56bfc062723c751e8b465ee728b)
Start importing Assets/MAIN STUFF/3D MODELS/VNB - Office Set/Prefabs/Office/paper_file_custom.prefab using Guid(409a59359549aef418ba80e0b2e0056a) Importer(815301076,1909f56bfc062723c751e8b465ee728b) (PreviewImporter) -> (artifact id: '4e252ea90b72e0da924eb423b45322ea') in 0.0102867 seconds
Number of updated asset objects reloaded before import = 0Number of asset objects unloaded after import = 12

========================================================================
Received Import Request.
  Time since last request: 0.000016 seconds.
  path: Assets/MAIN STUFF/3D MODELS/VNB - Office Set/Prefabs/Office/pencil.prefab
  artifactKey: Guid(278afbdd3ce480e469c9a7e554181867) Importer(815301076,1909f56bfc062723c751e8b465ee728b)
Start importing Assets/MAIN STUFF/3D MODELS/VNB - Office Set/Prefabs/Office/pencil.prefab using Guid(278afbdd3ce480e469c9a7e554181867) Importer(815301076,1909f56bfc062723c751e8b465ee728b) (PreviewImporter) -> (artifact id: 'ed0172351775011de75965a09418b1f1') in 0.0078502 seconds
Number of updated asset objects reloaded before import = 0Number of asset objects unloaded after import = 10

========================================================================
Received Import Request.
  Time since last request: 0.620375 seconds.
  path: Assets/MAIN STUFF/3D MODELS/VNB - Office Set/Prefabs/Office/pencil_holder.prefab
  artifactKey: Guid(27e85d63cb9b30b4d9acc2497f67048b) Importer(815301076,1909f56bfc062723c751e8b465ee728b)
Start importing Assets/MAIN STUFF/3D MODELS/VNB - Office Set/Prefabs/Office/pencil_holder.prefab using Guid(27e85d63cb9b30b4d9acc2497f67048b) Importer(815301076,1909f56bfc062723c751e8b465ee728b) (PreviewImporter) -> (artifact id: 'f8fda9dda31f9663f0b880dbd18fbaa9') in 0.0110387 seconds
Number of updated asset objects reloaded before import = 0Number of asset objects unloaded after import = 71

========================================================================
Received Import Request.
  Time since last request: 27.582413 seconds.
  path: Assets/MAIN STUFF/3D MODELS/VNB - Office Set/Prefabs/Office/pile_of_paper_custom.prefab
  artifactKey: Guid(8175144d77bc3f4449fec41cd271fe5d) Importer(815301076,1909f56bfc062723c751e8b465ee728b)
Start importing Assets/MAIN STUFF/3D MODELS/VNB - Office Set/Prefabs/Office/pile_of_paper_custom.prefab using Guid(8175144d77bc3f4449fec41cd271fe5d) Importer(815301076,1909f56bfc062723c751e8b465ee728b) (PreviewImporter) -> (artifact id: 'af23f133c306645b03d8cbd5bd54d367') in 0.0111443 seconds
Number of updated asset objects reloaded before import = 0Number of asset objects unloaded after import = 25

========================================================================
Received Import Request.
  Time since last request: 0.867490 seconds.
  path: Assets/MAIN STUFF/3D MODELS/VNB - Office Set/Prefabs/Office/standard_office_chair_1.prefab
  artifactKey: Guid(615251885f1a6ab458e28dd5d6c6da64) Importer(815301076,1909f56bfc062723c751e8b465ee728b)
Start importing Assets/MAIN STUFF/3D MODELS/VNB - Office Set/Prefabs/Office/standard_office_chair_1.prefab using Guid(615251885f1a6ab458e28dd5d6c6da64) Importer(815301076,1909f56bfc062723c751e8b465ee728b) (PreviewImporter) -> (artifact id: 'b2a69ba52e23746b80933f3d0549a224') in 0.0113647 seconds
Number of updated asset objects reloaded before import = 0Number of asset objects unloaded after import = 46

Editor requested this worker to shutdown with reason: Scaling down because of idle timeout
AssetImportWorker is now disconnected from the server
Process exiting
Exiting without the bug reporter. Application will terminate with return code 0